
> limperial-project-dashboard@0.0.0 build
> next build

Ôû▓ Next.js 16.1.6 (Turbopack)
- Environments: .env.local, .env

  Creating an optimized production build ...
Ô£ô Compiled successfully in 20.3s
  Running TypeScript ...
node.exe : Failed to compile.
At line:1 char:1
+ & "C:\Program 
Files\nodejs/node.exe" 
"C:\Program Files\nodejs/node_mo 
...
+ ~~~~~~~~~~~~~~~~~~~~~~~~~~~~~~~
~~~~~~~~~~~~~~~~~~~~~~~~~~~~~~~~~
~~~~~
    + CategoryInfo          : 
NotSpecified: (Failed to 
compile.:String) [], RemoteExce  
  ption
    + FullyQualifiedErrorId : 
NativeCommandError
 

./app/api/pdf/generate/route.ts:4
9:43
Type error: Property 'headless' 
does not exist on type 'typeof 
Chromium'.

[0m [90m 47 |[39m             
    [32m'--font-render-hinting=n
one'[39m[33m,[39m
 [90m 48 |[39m             
][33m,[39m
[31m[1m>[22m[39m[90m 49 
|[39m             
headless[33m:[39m isVercel 
[33m?[39m 
chromium[33m.[39mheadless 
[33m:[39m 
[36mtrue[39m[33m,[39m
 [90m    |[39m                 
                          
[31m[1m^[22m[39m
 [90m 50 |[39m             
defaultViewport[33m:[39m chromi
um[33m.[39mdefaultViewport[33m
,[39m
 [90m 51 |[39m         
})[33m;[39m
 [90m 52 |[39m[0m
Next.js build worker exited with 
code: 1 and signal: null
